// Jest Snapshot v1, https://goo.gl/fbAQLP

exports[`matches snapshot 1`] = `
<DocumentFragment>
  <p
    style="color: white;"
  >
    Loading â€¦
  </p>
</DocumentFragment>
`;
